d:\bpeditor\build-verify\clean-rewrite\obj\vc143.pdb
d:\bpeditor\build-verify\clean-rewrite\obj\scrap_parser.obj
d:\bpeditor\build-verify\clean-rewrite\obj\main.obj
d:\bpeditor\build-verify\clean-rewrite\obj\imgui_widgets.obj
d:\bpeditor\build-verify\clean-rewrite\obj\imgui_tables.obj
d:\bpeditor\build-verify\clean-rewrite\obj\imgui_impl_opengl3.obj
d:\bpeditor\build-verify\clean-rewrite\obj\imgui_impl_glfw.obj
d:\bpeditor\build-verify\clean-rewrite\obj\imgui_draw.obj
d:\bpeditor\build-verify\clean-rewrite\obj\imgui_demo.obj
d:\bpeditor\build-verify\clean-rewrite\obj\imgui.obj
d:\bpeditor\build-verify\clean-rewrite\obj\blueprint_viewport.obj
d:\bpeditor\build-verify\clean-rewrite\obj\gui_manager.obj
d:\bpeditor\build-verify\clean-rewrite\blueprint editor.exe
d:\bpeditor\build-verify\clean-rewrite\obj\items.res
d:\bpeditor\build-verify\clean-rewrite\obj\blueprint editor.vcxproj.filelistabsolute.txt
d:\bpeditor\build-verify\clean-rewrite\obj\blueprint editor.tlog\blueprint editor.write.1u.tlog
d:\bpeditor\build-verify\clean-rewrite\obj\blueprint editor.tlog\cl.command.1.tlog
d:\bpeditor\build-verify\clean-rewrite\obj\blueprint editor.tlog\cl.items.tlog
d:\bpeditor\build-verify\clean-rewrite\obj\blueprint editor.tlog\cl.read.1.tlog
d:\bpeditor\build-verify\clean-rewrite\obj\blueprint editor.tlog\cl.write.1.tlog
d:\bpeditor\build-verify\clean-rewrite\obj\blueprint editor.tlog\link.command.1.tlog
d:\bpeditor\build-verify\clean-rewrite\obj\blueprint editor.tlog\link.read.1.tlog
d:\bpeditor\build-verify\clean-rewrite\obj\blueprint editor.tlog\link.secondary.1.tlog
d:\bpeditor\build-verify\clean-rewrite\obj\blueprint editor.tlog\link.write.1.tlog
d:\bpeditor\build-verify\clean-rewrite\obj\blueprint editor.tlog\rc.command.1.tlog
d:\bpeditor\build-verify\clean-rewrite\obj\blueprint editor.tlog\rc.read.1.tlog
d:\bpeditor\build-verify\clean-rewrite\obj\blueprint editor.tlog\rc.write.1.tlog
